
> nextjs_tailwind_shadcn_ts@0.2.1 build
> prisma generate && next build

Prisma schema loaded from prisma\schema.prisma

✔ Generated Prisma Client (v6.19.3) to .\..\node_modules\@prisma\client in 330ms

Start by importing your Prisma Client (See: https://pris.ly/d/importing-client)

Tip: Want to turn off tips and other hints? https://pris.ly/tip-4-nohints

⚠ Warning: Next.js inferred your workspace root, but it may not be correct.
 We detected multiple lockfiles and selected the directory of C:\Users\Bixby\package-lock.json as the root directory.
 To silence this warning, set `turbopack.root` in your Next.js config, or consider removing one of the lockfiles if it's not needed.
   See https://nextjs.org/docs/app/api-reference/config/next-config-js/turbopack#root-directory for more information.
 Detected additional lockfiles: 
   * C:\Users\Bixby\staff\bun.lock

▲ Next.js 16.2.12 (Turbopack)
- Environments: .env.local

  Creating an optimized production build ...
✓ Compiled successfully in 33.2s
  Skipping validation of types
  Finished TypeScript config validation in 96ms ...
  Collecting page data using 3 workers ...
  Generating static pages using 3 workers (0/9) ...
  Generating static pages using 3 workers (2/9) 
  Generating static pages using 3 workers (4/9) 
  Generating static pages using 3 workers (6/9) 
✓ Generating static pages using 3 workers (9/9) in 1056ms
  Finalizing page optimization ...

Route (app)
┌ ○ /
├ ○ /_not-found
├ ○ /admin
├ ƒ /api/acquisitions
├ ƒ /api/acquisitions/[id]
├ ƒ /api/acquisitions/[id]/verify
├ ƒ /api/activate
├ ƒ /api/admin/all-data
├ ƒ /api/admin/live-monitor
├ ƒ /api/annotations
├ ƒ /api/annotations/[id]
├ ƒ /api/audit-logs
├ ƒ /api/auto-capture
├ ƒ /api/cases
├ ƒ /api/cases/[id]
├ ƒ /api/dashboard
├ ƒ /api/deliveries
├ ƒ /api/deliveries/[id]
├ ƒ /api/devices
├ ƒ /api/devices/[id]
├ ƒ /api/devices/[id]/monitor
├ ƒ /api/evidence
├ ƒ /api/evidence/[id]
├ ƒ /api/evidence/bulk-select
├ ƒ /api/evidence/stats
├ ƒ /api/geo-lookup
├ ƒ /api/invite
├ ƒ /api/organization
├ ƒ /api/profile
├ ƒ /api/reverse-geocode
├ ƒ /api/scan-sessions
├ ƒ /api/scan-sessions/[id]
├ ƒ /api/scan-sessions/[id]/cancel
├ ƒ /api/scan-sessions/[id]/tick
├ ƒ /api/session
├ ƒ /api/sign-in
├ ƒ /api/sign-out
├ ƒ /api/sign-up
├ ƒ /api/team
├ ƒ /api/team/[id]
├ ƒ /api/usb-scan
├ ○ /audit
├ ○ /cases
├ ○ /dashboard
├ ○ /profile
└ ○ /storefront


○  (Static)   prerendered as static content
ƒ  (Dynamic)  server-rendered on demand

